// Jest Snapshot v1, https://goo.gl/fbAQLP

exports[`Test de FirstApp snapshot de FirstApp  1`] = `
<div>
  <h1>
    Hola Soy, Goku
  </h1>
  <p>
    Mi primera aplicaci√≥n
  </p>
  <p>
    suma: 
    124
  </p>
</div>
`;
